<WeatherApp.MainTabViewController>, state: appearing, view: <WeatherApp.MainTabView>